MARS 4.5  Copyright 2003-2014 Pete Sanderson and Kenneth Vollmar

GenGC initialized in test mode.
Garbage collecting ...
Garbage collecting ...
hello, world
printed via dynamic dispatch
tested static dispatch and 'new IO'
an int: 3
gonna make a Blah
Garbage collecting ...
Garbage collecting ...
Garbage collecting ...
gonna call doThemAll
basics:
Garbage collecting ...
Garbage collecting ...
Garbage collecting ...
Garbage collecting ...
Garbage collecting ...
Garbage collecting ...
Garbage collecting ...
Garbage collecting ...
Garbage collecting ...
Garbage collecting ...
Garbage collecting ...
Garbage collecting ...
Garbage collecting ...
Garbage collecting ...
Garbage collecting ...
more advanced:
bigIf
Garbage collecting ...
bigMath
Garbage collecting ...
Garbage collecting ...
Garbage collecting ...
Garbage collecting ...
Garbage collecting ...
Garbage collecting ...
Garbage collecting ...
Garbage collecting ...
Garbage collecting ...
Garbage collecting ...
Garbage collecting ...
Garbage collecting ...
Garbage collecting ...
Garbage collecting ...
Garbage collecting ...
Garbage collecting ...
Garbage collecting ...
Garbage collecting ...
Garbage collecting ...
Garbage collecting ...
Garbage collecting ...
Garbage collecting ...
Garbage collecting ...
Garbage collecting ...
Garbage collecting ...
Garbage collecting ...
Garbage collecting ...
Garbage collecting ...
Garbage collecting ...
Garbage collecting ...
Garbage collecting ...
Garbage collecting ...
bigAssign
Garbage collecting ...
Garbage collecting ...
Garbage collecting ...
Garbage collecting ...
Garbage collecting ...
Garbage collecting ...
bigWhile
Garbage collecting ...
Garbage collecting ...
Garbage collecting ...
Garbage collecting ...
Garbage collecting ...
Garbage collecting ...
Garbage collecting ...
Garbage collecting ...
Garbage collecting ...
Garbage collecting ...
Garbage collecting ...
Garbage collecting ...
Garbage collecting ...
Garbage collecting ...
Garbage collecting ...
Garbage collecting ...
Garbage collecting ...
Garbage collecting ...
Garbage collecting ...
Garbage collecting ...
Garbage collecting ...
Garbage collecting ...
Garbage collecting ...
Garbage collecting ...
Garbage collecting ...
Garbage collecting ...
Garbage collecting ...
Garbage collecting ...
Garbage collecting ...
Garbage collecting ...
Garbage collecting ...
Garbage collecting ...
Garbage collecting ...
Garbage collecting ...
Garbage collecting ...
Garbage collecting ...
Garbage collecting ...
Garbage collecting ...
Garbage collecting ...
Garbage collecting ...
Garbage collecting ...
Garbage collecting ...
Garbage collecting ...
Garbage collecting ...
Garbage collecting ...
Garbage collecting ...
Garbage collecting ...
Garbage collecting ...
Garbage collecting ...
Garbage collecting ...
Garbage collecting ...
Garbage collecting ...
Garbage collecting ...
Garbage collecting ...
Garbage collecting ...
Garbage collecting ...
Garbage collecting ...
Garbage collecting ...
Garbage collecting ...
Garbage collecting ...
Garbage collecting ...
Garbage collecting ...
Garbage collecting ...
Garbage collecting ...
Garbage collecting ...
Garbage collecting ...
Garbage collecting ...
Garbage collecting ...
Garbage collecting ...
Garbage collecting ...
Garbage collecting ...
Garbage collecting ...
Garbage collecting ...
Garbage collecting ...
Garbage collecting ...
Garbage collecting ...
Garbage collecting ...
Garbage collecting ...
Garbage collecting ...
Garbage collecting ...
Garbage collecting ...
Garbage collecting ...
Garbage collecting ...
Garbage collecting ...
Garbage collecting ...
Garbage collecting ...
Garbage collecting ...
Garbage collecting ...
Garbage collecting ...
Garbage collecting ...
Garbage collecting ...
Garbage collecting ...
Garbage collecting ...
Garbage collecting ...
Garbage collecting ...
Garbage collecting ...
Garbage collecting ...
Garbage collecting ...
Garbage collecting ...
Garbage collecting ...
Garbage collecting ...
Garbage collecting ...
Garbage collecting ...
Garbage collecting ...
Garbage collecting ...
Garbage collecting ...
Garbage collecting ...
Garbage collecting ...
Garbage collecting ...
Garbage collecting ...
Garbage collecting ...
Garbage collecting ...
Garbage collecting ...
Garbage collecting ...
Garbage collecting ...
Garbage collecting ...
Garbage collecting ...
Garbage collecting ...
Garbage collecting ...
Garbage collecting ...
Garbage collecting ...
Garbage collecting ...
Garbage collecting ...
Garbage collecting ...
Garbage collecting ...
Garbage collecting ...
Garbage collecting ...
Garbage collecting ...
Garbage collecting ...
Garbage collecting ...
Garbage collecting ...
Garbage collecting ...
Garbage collecting ...
Garbage collecting ...
Garbage collecting ...
Garbage collecting ...
Garbage collecting ...
Garbage collecting ...
Garbage collecting ...
Garbage collecting ...
Garbage collecting ...
Garbage collecting ...
Garbage collecting ...
Garbage collecting ...
Garbage collecting ...
Garbage collecting ...
Garbage collecting ...
Garbage collecting ...
Garbage collecting ...
Garbage collecting ...
Garbage collecting ...
Garbage collecting ...
Garbage collecting ...
Garbage collecting ...
Garbage collecting ...
Garbage collecting ...
Garbage collecting ...
Garbage collecting ...
Garbage collecting ...
Garbage collecting ...
Garbage collecting ...
Garbage collecting ...
Garbage collecting ...
Garbage collecting ...
Garbage collecting ...
Garbage collecting ...
Garbage collecting ...
Garbage collecting ...
Garbage collecting ...
Garbage collecting ...
Garbage collecting ...
Garbage collecting ...
Garbage collecting ...
Garbage collecting ...
Garbage collecting ...
Garbage collecting ...
Garbage collecting ...
Garbage collecting ...
Garbage collecting ...
Garbage collecting ...
Garbage collecting ...
Garbage collecting ...
Garbage collecting ...
Garbage collecting ...
Garbage collecting ...
Garbage collecting ...
Garbage collecting ...
Garbage collecting ...
Garbage collecting ...
Garbage collecting ...
Garbage collecting ...
Garbage collecting ...
Garbage collecting ...
Garbage collecting ...
Garbage collecting ...
Garbage collecting ...
Garbage collecting ...
Garbage collecting ...
Garbage collecting ...
Garbage collecting ...
Garbage collecting ...
Garbage collecting ...
Garbage collecting ...
Garbage collecting ...
Garbage collecting ...
Garbage collecting ...
Garbage collecting ...
Garbage collecting ...
Garbage collecting ...
Garbage collecting ...
Garbage collecting ...
Garbage collecting ...
Garbage collecting ...
Garbage collecting ...
Garbage collecting ...
Garbage collecting ...
Garbage collecting ...
Garbage collecting ...
Garbage collecting ...
Garbage collecting ...
Garbage collecting ...
Garbage collecting ...
Garbage collecting ...
Garbage collecting ...
Garbage collecting ...
Garbage collecting ...
Garbage collecting ...
Garbage collecting ...
Garbage collecting ...
Garbage collecting ...
Garbage collecting ...
Garbage collecting ...
Garbage collecting ...
Garbage collecting ...
Garbage collecting ...
Garbage collecting ...
Garbage collecting ...
Garbage collecting ...
Garbage collecting ...
Garbage collecting ...
Garbage collecting ...
Garbage collecting ...
Garbage collecting ...
Garbage collecting ...
Garbage collecting ...
Garbage collecting ...
Garbage collecting ...
Garbage collecting ...
Garbage collecting ...
Garbage collecting ...
Garbage collecting ...
Garbage collecting ...
Garbage collecting ...
Garbage collecting ...
Garbage collecting ...
Garbage collecting ...
Garbage collecting ...
Garbage collecting ...
Garbage collecting ...
Garbage collecting ...
Garbage collecting ...
Garbage collecting ...
Garbage collecting ...
Garbage collecting ...
Garbage collecting ...
Garbage collecting ...
Garbage collecting ...
Garbage collecting ...
Garbage collecting ...
Garbage collecting ...
Garbage collecting ...
Garbage collecting ...
Garbage collecting ...
Garbage collecting ...
Garbage collecting ...
Garbage collecting ...
Garbage collecting ...
Garbage collecting ...
Garbage collecting ...
Garbage collecting ...
Garbage collecting ...
Garbage collecting ...
Garbage collecting ...
Garbage collecting ...
Garbage collecting ...
Garbage collecting ...
Garbage collecting ...
Garbage collecting ...
Garbage collecting ...
Garbage collecting ...
Garbage collecting ...
Garbage collecting ...
Garbage collecting ...
Garbage collecting ...
Garbage collecting ...
Garbage collecting ...
Garbage collecting ...
Garbage collecting ...
Garbage collecting ...
Garbage collecting ...
Garbage collecting ...
Garbage collecting ...
Garbage collecting ...
Garbage collecting ...
Garbage collecting ...
Garbage collecting ...
Garbage collecting ...
Garbage collecting ...
Garbage collecting ...
Garbage collecting ...
Garbage collecting ...
Garbage collecting ...
Garbage collecting ...
Garbage collecting ...
Garbage collecting ...
Garbage collecting ...
Garbage collecting ...
Garbage collecting ...
Garbage collecting ...
Garbage collecting ...
Garbage collecting ...
Garbage collecting ...
Garbage collecting ...
Garbage collecting ...
Garbage collecting ...
Garbage collecting ...
Garbage collecting ...
Garbage collecting ...
Garbage collecting ...
Garbage collecting ...
Garbage collecting ...
Garbage collecting ...
Garbage collecting ...
Garbage collecting ...
Garbage collecting ...
Garbage collecting ...
Garbage collecting ...
Garbage collecting ...
Garbage collecting ...
Garbage collecting ...
Garbage collecting ...
Garbage collecting ...
Garbage collecting ...
Garbage collecting ...
Garbage collecting ...
Garbage collecting ...
Garbage collecting ...
Garbage collecting ...
Garbage collecting ...
Garbage collecting ...
Garbage collecting ...
Garbage collecting ...
Garbage collecting ...
Garbage collecting ...
Garbage collecting ...
Garbage collecting ...
Garbage collecting ...
Garbage collecting ...
Garbage collecting ...
Garbage collecting ...
Garbage collecting ...
Garbage collecting ...
Garbage collecting ...
Garbage collecting ...
Garbage collecting ...
Garbage collecting ...
Garbage collecting ...
Garbage collecting ...
Garbage collecting ...
Garbage collecting ...
Garbage collecting ...
Garbage collecting ...
Garbage collecting ...
Garbage collecting ...
Garbage collecting ...
Garbage collecting ...
Garbage collecting ...
Garbage collecting ...
Garbage collecting ...
Garbage collecting ...
Garbage collecting ...
Garbage collecting ...
Garbage collecting ...
Garbage collecting ...
Garbage collecting ...
Garbage collecting ...
Garbage collecting ...
Garbage collecting ...
Garbage collecting ...
Garbage collecting ...
Garbage collecting ...
Garbage collecting ...
Garbage collecting ...
Garbage collecting ...
Garbage collecting ...
Garbage collecting ...
Garbage collecting ...
Garbage collecting ...
Garbage collecting ...
Garbage collecting ...
Garbage collecting ...
Garbage collecting ...
Garbage collecting ...
Garbage collecting ...
Garbage collecting ...
Garbage collecting ...
Garbage collecting ...
Garbage collecting ...
Garbage collecting ...
Garbage collecting ...
Garbage collecting ...
Garbage collecting ...
Garbage collecting ...
Garbage collecting ...
Garbage collecting ...
Garbage collecting ...
Garbage collecting ...
Garbage collecting ...
Garbage collecting ...
Garbage collecting ...
Garbage collecting ...
Garbage collecting ...
Garbage collecting ...
Garbage collecting ...
Garbage collecting ...
Garbage collecting ...
Garbage collecting ...
Garbage collecting ...
Garbage collecting ...
Garbage collecting ...
Garbage collecting ...
Garbage collecting ...
Garbage collecting ...
Garbage collecting ...
Garbage collecting ...
Garbage collecting ...
Garbage collecting ...
Garbage collecting ...
Garbage collecting ...
Garbage collecting ...
Garbage collecting ...
Garbage collecting ...
Garbage collecting ...
Garbage collecting ...
Garbage collecting ...
Garbage collecting ...
Garbage collecting ...
Garbage collecting ...
Garbage collecting ...
Garbage collecting ...
Garbage collecting ...
Garbage collecting ...
Garbage collecting ...
Garbage collecting ...
Garbage collecting ...
Garbage collecting ...
Garbage collecting ...
Garbage collecting ...
Garbage collecting ...
Garbage collecting ...
Garbage collecting ...
Garbage collecting ...
Garbage collecting ...
Garbage collecting ...
Garbage collecting ...
Garbage collecting ...
Garbage collecting ...
Garbage collecting ...
Garbage collecting ...
Garbage collecting ...
Garbage collecting ...
Garbage collecting ...
Garbage collecting ...
Garbage collecting ...
Garbage collecting ...
Garbage collecting ...
Garbage collecting ...
Garbage collecting ...
Garbage collecting ...
Garbage collecting ...
Garbage collecting ...
Garbage collecting ...
Garbage collecting ...
Garbage collecting ...
Garbage collecting ...
Garbage collecting ...
Garbage collecting ...
Garbage collecting ...
Garbage collecting ...
Garbage collecting ...
Garbage collecting ...
Garbage collecting ...
Garbage collecting ...
Garbage collecting ...
Garbage collecting ...
Garbage collecting ...
Garbage collecting ...
Garbage collecting ...
Garbage collecting ...
Garbage collecting ...
Garbage collecting ...
Garbage collecting ...
Garbage collecting ...
Garbage collecting ...
Garbage collecting ...
Garbage collecting ...
Garbage collecting ...
Garbage collecting ...
Garbage collecting ...
Garbage collecting ...
Garbage collecting ...
Garbage collecting ...
Garbage collecting ...
Garbage collecting ...
Garbage collecting ...
Garbage collecting ...
Garbage collecting ...
Garbage collecting ...
Garbage collecting ...
Garbage collecting ...
Garbage collecting ...
Garbage collecting ...
Garbage collecting ...
Garbage collecting ...
Garbage collecting ...
Garbage collecting ...
Garbage collecting ...
Garbage collecting ...
Garbage collecting ...
Garbage collecting ...
Garbage collecting ...
Garbage collecting ...
Garbage collecting ...
Garbage collecting ...
Garbage collecting ...
Garbage collecting ...
Garbage collecting ...
Garbage collecting ...
Garbage collecting ...
Garbage collecting ...
Garbage collecting ...
Garbage collecting ...
Garbage collecting ...
Garbage collecting ...
Garbage collecting ...
Garbage collecting ...
Garbage collecting ...
Garbage collecting ...
Garbage collecting ...
Garbage collecting ...
Garbage collecting ...
Garbage collecting ...
Garbage collecting ...
Garbage collecting ...
Garbage collecting ...
Garbage collecting ...
Garbage collecting ...
Garbage collecting ...
Garbage collecting ...
Garbage collecting ...
Garbage collecting ...
Garbage collecting ...
Garbage collecting ...
Garbage collecting ...
Garbage collecting ...
Garbage collecting ...
Garbage collecting ...
Garbage collecting ...
Garbage collecting ...
Garbage collecting ...
Garbage collecting ...
Garbage collecting ...
Garbage collecting ...
Garbage collecting ...
Garbage collecting ...
Garbage collecting ...
Garbage collecting ...
Garbage collecting ...
Garbage collecting ...
Garbage collecting ...
Garbage collecting ...
Garbage collecting ...
Garbage collecting ...
Garbage collecting ...
Garbage collecting ...
Garbage collecting ...
Garbage collecting ...
Garbage collecting ...
Garbage collecting ...
Garbage collecting ...
Garbage collecting ...
Garbage collecting ...
Garbage collecting ...
Garbage collecting ...
Garbage collecting ...
Garbage collecting ...
Garbage collecting ...
Garbage collecting ...
Garbage collecting ...
Garbage collecting ...
Garbage collecting ...
Garbage collecting ...
Garbage collecting ...
Garbage collecting ...
Garbage collecting ...
Garbage collecting ...
Garbage collecting ...
Garbage collecting ...
Garbage collecting ...
Garbage collecting ...
Garbage collecting ...
Garbage collecting ...
Garbage collecting ...
Garbage collecting ...
Garbage collecting ...
Garbage collecting ...
Garbage collecting ...
Garbage collecting ...
Garbage collecting ...
Garbage collecting ...
Garbage collecting ...
Garbage collecting ...
Garbage collecting ...
Garbage collecting ...
Garbage collecting ...
Garbage collecting ...
Garbage collecting ...
Garbage collecting ...
Garbage collecting ...
Garbage collecting ...
Garbage collecting ...
Garbage collecting ...
Garbage collecting ...
Garbage collecting ...
Garbage collecting ...
Garbage collecting ...
Garbage collecting ...
Garbage collecting ...
Garbage collecting ...
Garbage collecting ...
Garbage collecting ...
Garbage collecting ...
Garbage collecting ...
Garbage collecting ...
Garbage collecting ...
Garbage collecting ...
Garbage collecting ...
Garbage collecting ...
Garbage collecting ...
Garbage collecting ...
Garbage collecting ...
Garbage collecting ...
Garbage collecting ...
Garbage collecting ...
Garbage collecting ...
Garbage collecting ...
Garbage collecting ...
Garbage collecting ...
Garbage collecting ...
Garbage collecting ...
Garbage collecting ...
Garbage collecting ...
Garbage collecting ...
Garbage collecting ...
Garbage collecting ...
Garbage collecting ...
Garbage collecting ...
Garbage collecting ...
Garbage collecting ...
Garbage collecting ...
Garbage collecting ...
Garbage collecting ...
Garbage collecting ...
Garbage collecting ...
Garbage collecting ...
Garbage collecting ...
Garbage collecting ...
Garbage collecting ...
Garbage collecting ...
Garbage collecting ...
Garbage collecting ...
Garbage collecting ...
Garbage collecting ...
Garbage collecting ...
Garbage collecting ...
Garbage collecting ...
Garbage collecting ...
Garbage collecting ...
Garbage collecting ...
Garbage collecting ...
Garbage collecting ...
Garbage collecting ...
Garbage collecting ...
Garbage collecting ...
Garbage collecting ...
Garbage collecting ...
Garbage collecting ...
Garbage collecting ...
Garbage collecting ...
Garbage collecting ...
Garbage collecting ...
Garbage collecting ...
Garbage collecting ...
Garbage collecting ...
Garbage collecting ...
Garbage collecting ...
Garbage collecting ...
Garbage collecting ...
Garbage collecting ...
Garbage collecting ...
Garbage collecting ...
Garbage collecting ...
Garbage collecting ...
Garbage collecting ...
Garbage collecting ...
Garbage collecting ...
Garbage collecting ...
Garbage collecting ...
Garbage collecting ...
Garbage collecting ...
Garbage collecting ...
Garbage collecting ...
Garbage collecting ...
Garbage collecting ...
Garbage collecting ...
Garbage collecting ...
Garbage collecting ...
Garbage collecting ...
Garbage collecting ...
Garbage collecting ...
Garbage collecting ...
Garbage collecting ...
Garbage collecting ...
Garbage collecting ...
Garbage collecting ...
Garbage collecting ...
Garbage collecting ...
Garbage collecting ...
Garbage collecting ...
Garbage collecting ...
Garbage collecting ...
Garbage collecting ...
Garbage collecting ...
Garbage collecting ...
Garbage collecting ...
Garbage collecting ...
Garbage collecting ...
Garbage collecting ...
Garbage collecting ...
Garbage collecting ...
Garbage collecting ...
Garbage collecting ...
Garbage collecting ...
Garbage collecting ...
Garbage collecting ...
Garbage collecting ...
Garbage collecting ...
Garbage collecting ...
Garbage collecting ...
Garbage collecting ...
Garbage collecting ...
Garbage collecting ...
Garbage collecting ...
Garbage collecting ...
Garbage collecting ...
Garbage collecting ...
Garbage collecting ...
Garbage collecting ...
Garbage collecting ...
Garbage collecting ...
Garbage collecting ...
Garbage collecting ...
Garbage collecting ...
Garbage collecting ...
Garbage collecting ...
Garbage collecting ...
Garbage collecting ...
Garbage collecting ...
Garbage collecting ...
Garbage collecting ...
Garbage collecting ...
Garbage collecting ...
Garbage collecting ...
Garbage collecting ...
Garbage collecting ...
Garbage collecting ...
Garbage collecting ...
Garbage collecting ...
Garbage collecting ...
Garbage collecting ...
Garbage collecting ...
Garbage collecting ...
Garbage collecting ...
Garbage collecting ...
Garbage collecting ...
Garbage collecting ...
Garbage collecting ...
Garbage collecting ...
Garbage collecting ...
Garbage collecting ...
Garbage collecting ...
Garbage collecting ...
Garbage collecting ...
Garbage collecting ...
Garbage collecting ...
Garbage collecting ...
Garbage collecting ...
Garbage collecting ...
Garbage collecting ...
Garbage collecting ...
Garbage collecting ...
Garbage collecting ...
Garbage collecting ...
Garbage collecting ...
Garbage collecting ...
Garbage collecting ...
Garbage collecting ...
Garbage collecting ...
Garbage collecting ...
Garbage collecting ...
Garbage collecting ...
Garbage collecting ...
Garbage collecting ...
Garbage collecting ...
Garbage collecting ...
Garbage collecting ...
Garbage collecting ...
Garbage collecting ...
Garbage collecting ...
Garbage collecting ...
Garbage collecting ...
Garbage collecting ...
Garbage collecting ...
Garbage collecting ...
Garbage collecting ...
Garbage collecting ...
Garbage collecting ...
Garbage collecting ...
Garbage collecting ...
Garbage collecting ...
Garbage collecting ...
Garbage collecting ...
Garbage collecting ...
Garbage collecting ...
Garbage collecting ...
Garbage collecting ...
Garbage collecting ...
Garbage collecting ...
Garbage collecting ...
Garbage collecting ...
Garbage collecting ...
Garbage collecting ...
Garbage collecting ...
Garbage collecting ...
Garbage collecting ...
Garbage collecting ...
Garbage collecting ...
Garbage collecting ...
Garbage collecting ...
Garbage collecting ...
Garbage collecting ...
Garbage collecting ...
Garbage collecting ...
Garbage collecting ...
Garbage collecting ...
Garbage collecting ...
Garbage collecting ...
Garbage collecting ...
Garbage collecting ...
Garbage collecting ...
Garbage collecting ...
Garbage collecting ...
Garbage collecting ...
Garbage collecting ...
Garbage collecting ...
Garbage collecting ...
Garbage collecting ...
Garbage collecting ...
Garbage collecting ...
Garbage collecting ...
Garbage collecting ...
Garbage collecting ...
Garbage collecting ...
Garbage collecting ...
Garbage collecting ...
Garbage collecting ...
Garbage collecting ...
Garbage collecting ...
Garbage collecting ...
Garbage collecting ...
Garbage collecting ...
Garbage collecting ...
Garbage collecting ...
Garbage collecting ...
Garbage collecting ...
Garbage collecting ...
Garbage collecting ...
Garbage collecting ...
Garbage collecting ...
Garbage collecting ...
Garbage collecting ...
Garbage collecting ...
Garbage collecting ...
Garbage collecting ...
Garbage collecting ...
Garbage collecting ...
Garbage collecting ...
Garbage collecting ...
Garbage collecting ...
Garbage collecting ...
Garbage collecting ...
Garbage collecting ...
Garbage collecting ...
Garbage collecting ...
Garbage collecting ...
Garbage collecting ...
Garbage collecting ...
Garbage collecting ...
Garbage collecting ...
Garbage collecting ...
Garbage collecting ...
Garbage collecting ...
Garbage collecting ...
Garbage collecting ...
Garbage collecting ...
Garbage collecting ...
Garbage collecting ...
Garbage collecting ...
Garbage collecting ...
Garbage collecting ...
Garbage collecting ...
Garbage collecting ...
Garbage collecting ...
Garbage collecting ...
Garbage collecting ...
Garbage collecting ...
Garbage collecting ...
Garbage collecting ...
Garbage collecting ...
Garbage collecting ...
Garbage collecting ...
Garbage collecting ...
Garbage collecting ...
Garbage collecting ...
Garbage collecting ...
Garbage collecting ...
Garbage collecting ...
Garbage collecting ...
Garbage collecting ...
Garbage collecting ...
Garbage collecting ...
Garbage collecting ...
Garbage collecting ...
Garbage collecting ...
Garbage collecting ...
Garbage collecting ...
Garbage collecting ...
Garbage collecting ...
Garbage collecting ...
Garbage collecting ...
Garbage collecting ...
Garbage collecting ...
Garbage collecting ...
Garbage collecting ...
Garbage collecting ...
Garbage collecting ...
Garbage collecting ...
Garbage collecting ...
Garbage collecting ...
Garbage collecting ...
Garbage collecting ...
Garbage collecting ...
Garbage collecting ...
Garbage collecting ...
Garbage collecting ...
Garbage collecting ...
Garbage collecting ...
Garbage collecting ...
Garbage collecting ...
Garbage collecting ...
Garbage collecting ...
Garbage collecting ...
Garbage collecting ...
Garbage collecting ...
Garbage collecting ...
Garbage collecting ...
Garbage collecting ...
Garbage collecting ...
Garbage collecting ...
Garbage collecting ...
Garbage collecting ...
Garbage collecting ...
Garbage collecting ...
Garbage collecting ...
Garbage collecting ...
Garbage collecting ...
Garbage collecting ...
Garbage collecting ...
Garbage collecting ...
Garbage collecting ...
Garbage collecting ...
Garbage collecting ...
Garbage collecting ...
Garbage collecting ...
Garbage collecting ...
Garbage collecting ...
Garbage collecting ...
Garbage collecting ...
Garbage collecting ...
Garbage collecting ...
Garbage collecting ...
Garbage collecting ...
Garbage collecting ...
Garbage collecting ...
Garbage collecting ...
Garbage collecting ...
Garbage collecting ...
Garbage collecting ...
Garbage collecting ...
Garbage collecting ...
Garbage collecting ...
Garbage collecting ...
Garbage collecting ...
Garbage collecting ...
Garbage collecting ...
Garbage collecting ...
Garbage collecting ...
Garbage collecting ...
Garbage collecting ...
Garbage collecting ...
Garbage collecting ...
Garbage collecting ...
Garbage collecting ...
Garbage collecting ...
Garbage collecting ...
Garbage collecting ...
Garbage collecting ...
Garbage collecting ...
Garbage collecting ...
Garbage collecting ...
Garbage collecting ...
Garbage collecting ...
Garbage collecting ...
Garbage collecting ...
Garbage collecting ...
Garbage collecting ...
Garbage collecting ...
Garbage collecting ...
Garbage collecting ...
Garbage collecting ...
Garbage collecting ...
Garbage collecting ...
Garbage collecting ...
Garbage collecting ...
Garbage collecting ...
Garbage collecting ...
Garbage collecting ...
Garbage collecting ...
Garbage collecting ...
Garbage collecting ...
Garbage collecting ...
Garbage collecting ...
Garbage collecting ...
Garbage collecting ...
Garbage collecting ...
Garbage collecting ...
Garbage collecting ...
Garbage collecting ...
Garbage collecting ...
Garbage collecting ...
Garbage collecting ...
Garbage collecting ...
Garbage collecting ...
Garbage collecting ...
Garbage collecting ...
Garbage collecting ...
Garbage collecting ...
Garbage collecting ...
Garbage collecting ...
Garbage collecting ...
Garbage collecting ...
Garbage collecting ...
Garbage collecting ...
Garbage collecting ...
Garbage collecting ...
Garbage collecting ...
Garbage collecting ...
Garbage collecting ...
Garbage collecting ...
Garbage collecting ...
Garbage collecting ...
Garbage collecting ...
Garbage collecting ...
Garbage collecting ...
Garbage collecting ...
Garbage collecting ...
Garbage collecting ...
Garbage collecting ...
Garbage collecting ...
Garbage collecting ...
Garbage collecting ...
Garbage collecting ...
Garbage collecting ...
Garbage collecting ...
Garbage collecting ...
Garbage collecting ...
Garbage collecting ...
Garbage collecting ...
Garbage collecting ...
Garbage collecting ...
Garbage collecting ...
Garbage collecting ...
Garbage collecting ...
Garbage collecting ...
Garbage collecting ...
Garbage collecting ...
Garbage collecting ...
Garbage collecting ...
Garbage collecting ...
Garbage collecting ...
Garbage collecting ...
Garbage collecting ...
Garbage collecting ...
Garbage collecting ...
Garbage collecting ...
Garbage collecting ...
Garbage collecting ...
Garbage collecting ...
Garbage collecting ...
Garbage collecting ...
Garbage collecting ...
Garbage collecting ...
Garbage collecting ...
Garbage collecting ...
Garbage collecting ...
Garbage collecting ...
Garbage collecting ...
Garbage collecting ...
Garbage collecting ...
Garbage collecting ...
Garbage collecting ...
Garbage collecting ...
Garbage collecting ...
Garbage collecting ...
Garbage collecting ...
Garbage collecting ...
Garbage collecting ...
Garbage collecting ...
Garbage collecting ...
Garbage collecting ...
Garbage collecting ...
Garbage collecting ...
Garbage collecting ...
Garbage collecting ...
Garbage collecting ...
Garbage collecting ...
Garbage collecting ...
Garbage collecting ...
Garbage collecting ...
Garbage collecting ...
Garbage collecting ...
Garbage collecting ...
Garbage collecting ...
Garbage collecting ...
Garbage collecting ...
Garbage collecting ...
Garbage collecting ...
Garbage collecting ...
Garbage collecting ...
Garbage collecting ...
Garbage collecting ...
Garbage collecting ...
Garbage collecting ...
Garbage collecting ...
Garbage collecting ...
Garbage collecting ...
Garbage collecting ...
Garbage collecting ...
Garbage collecting ...
Garbage collecting ...
Garbage collecting ...
Garbage collecting ...
Garbage collecting ...
Garbage collecting ...
Garbage collecting ...
Garbage collecting ...
Garbage collecting ...
Garbage collecting ...
Garbage collecting ...
Garbage collecting ...
Garbage collecting ...
Garbage collecting ...
Garbage collecting ...
Garbage collecting ...
Garbage collecting ...
Garbage collecting ...
Garbage collecting ...
Garbage collecting ...
Garbage collecting ...
Garbage collecting ...
Garbage collecting ...
Garbage collecting ...
Garbage collecting ...
Garbage collecting ...
Garbage collecting ...
Garbage collecting ...
Garbage collecting ...
Garbage collecting ...
Garbage collecting ...
Garbage collecting ...
Garbage collecting ...
Garbage collecting ...
Garbage collecting ...
Garbage collecting ...
Garbage collecting ...
Garbage collecting ...
Garbage collecting ...
Garbage collecting ...
Garbage collecting ...
Garbage collecting ...
Garbage collecting ...
Garbage collecting ...
Garbage collecting ...
Garbage collecting ...
Garbage collecting ...
Garbage collecting ...
Garbage collecting ...
Garbage collecting ...
Garbage collecting ...
Garbage collecting ...
Garbage collecting ...
Garbage collecting ...
Garbage collecting ...
Garbage collecting ...
Garbage collecting ...
Garbage collecting ...
Garbage collecting ...
Garbage collecting ...
Garbage collecting ...
Garbage collecting ...
Garbage collecting ...
Garbage collecting ...
Garbage collecting ...
Garbage collecting ...
Garbage collecting ...
Garbage collecting ...
Garbage collecting ...
Garbage collecting ...
Garbage collecting ...
Garbage collecting ...
Garbage collecting ...
Garbage collecting ...
Garbage collecting ...
Garbage collecting ...
Garbage collecting ...
Garbage collecting ...
Garbage collecting ...
Garbage collecting ...
Garbage collecting ...
Garbage collecting ...
Garbage collecting ...
Garbage collecting ...
Garbage collecting ...
Garbage collecting ...
Garbage collecting ...
Garbage collecting ...
Garbage collecting ...
Garbage collecting ...
Garbage collecting ...
Garbage collecting ...
Garbage collecting ...
Garbage collecting ...
Garbage collecting ...
Garbage collecting ...
Garbage collecting ...
Garbage collecting ...
Garbage collecting ...
Garbage collecting ...
Garbage collecting ...
Garbage collecting ...
Garbage collecting ...
Garbage collecting ...
Garbage collecting ...
Garbage collecting ...
Garbage collecting ...
Garbage collecting ...
Garbage collecting ...
Garbage collecting ...
Garbage collecting ...
Garbage collecting ...
Garbage collecting ...
Garbage collecting ...
Garbage collecting ...
Garbage collecting ...
Garbage collecting ...
Garbage collecting ...
Garbage collecting ...
Garbage collecting ...
Garbage collecting ...
Garbage collecting ...
Garbage collecting ...
Garbage collecting ...
Garbage collecting ...
Garbage collecting ...
Garbage collecting ...
Garbage collecting ...
Garbage collecting ...
Garbage collecting ...
Garbage collecting ...
Garbage collecting ...
Garbage collecting ...
Garbage collecting ...
Garbage collecting ...
Garbage collecting ...
Garbage collecting ...
Garbage collecting ...
Garbage collecting ...
Garbage collecting ...
Garbage collecting ...
Garbage collecting ...
Garbage collecting ...
Garbage collecting ...
Garbage collecting ...
Garbage collecting ...
Garbage collecting ...
Garbage collecting ...
Garbage collecting ...
Garbage collecting ...
Garbage collecting ...
Garbage collecting ...
Garbage collecting ...
Garbage collecting ...
Garbage collecting ...
Garbage collecting ...
Garbage collecting ...
Garbage collecting ...
Garbage collecting ...
Garbage collecting ...
Garbage collecting ...
Garbage collecting ...
Garbage collecting ...
Garbage collecting ...
Garbage collecting ...
Garbage collecting ...
Garbage collecting ...
Garbage collecting ...
Garbage collecting ...
Garbage collecting ...
Garbage collecting ...
Garbage collecting ...
Garbage collecting ...
Garbage collecting ...
Garbage collecting ...
Garbage collecting ...
Garbage collecting ...
Garbage collecting ...
Garbage collecting ...
Garbage collecting ...
Garbage collecting ...
Garbage collecting ...
Garbage collecting ...
Garbage collecting ...
Garbage collecting ...
Garbage collecting ...
Garbage collecting ...
Garbage collecting ...
Garbage collecting ...
Garbage collecting ...
Garbage collecting ...
Garbage collecting ...
Garbage collecting ...
Garbage collecting ...
Garbage collecting ...
Garbage collecting ...
Garbage collecting ...
Garbage collecting ...
Garbage collecting ...
Garbage collecting ...
Garbage collecting ...
Garbage collecting ...
Garbage collecting ...
Garbage collecting ...
Garbage collecting ...
Garbage collecting ...
Garbage collecting ...
Garbage collecting ...
Garbage collecting ...
Garbage collecting ...
Garbage collecting ...
Garbage collecting ...
Garbage collecting ...
Garbage collecting ...
Garbage collecting ...
Garbage collecting ...
Garbage collecting ...
Garbage collecting ...
Garbage collecting ...
Garbage collecting ...
Garbage collecting ...
Garbage collecting ...
Garbage collecting ...
Garbage collecting ...
Garbage collecting ...
Garbage collecting ...
Garbage collecting ...
Garbage collecting ...
Garbage collecting ...
Garbage collecting ...
Garbage collecting ...
Garbage collecting ...
Garbage collecting ...
Garbage collecting ...
Garbage collecting ...
Garbage collecting ...
Garbage collecting ...
Garbage collecting ...
Garbage collecting ...
Garbage collecting ...
Garbage collecting ...
Garbage collecting ...
Garbage collecting ...
Garbage collecting ...
Garbage collecting ...
Garbage collecting ...
Garbage collecting ...
Garbage collecting ...
Garbage collecting ...
Garbage collecting ...
Garbage collecting ...
Garbage collecting ...
Garbage collecting ...
Garbage collecting ...
Garbage collecting ...
Garbage collecting ...
Garbage collecting ...
Garbage collecting ...
Garbage collecting ...
Garbage collecting ...
Garbage collecting ...
Garbage collecting ...
Garbage collecting ...
Garbage collecting ...
Garbage collecting ...
Garbage collecting ...
Garbage collecting ...
Garbage collecting ...
Garbage collecting ...
Garbage collecting ...
Garbage collecting ...
Garbage collecting ...
Garbage collecting ...
Garbage collecting ...
Garbage collecting ...
Garbage collecting ...
Garbage collecting ...
Garbage collecting ...
Garbage collecting ...
Garbage collecting ...
Garbage collecting ...
Garbage collecting ...
Garbage collecting ...
Garbage collecting ...
Garbage collecting ...
Garbage collecting ...
Garbage collecting ...
Garbage collecting ...
Garbage collecting ...
Garbage collecting ...
Garbage collecting ...
Garbage collecting ...
Garbage collecting ...
Garbage collecting ...
Garbage collecting ...
Garbage collecting ...
Garbage collecting ...
Garbage collecting ...
Garbage collecting ...
Garbage collecting ...
Garbage collecting ...
Garbage collecting ...
Garbage collecting ...
Garbage collecting ...
Garbage collecting ...
Garbage collecting ...
Garbage collecting ...
Garbage collecting ...
Garbage collecting ...
Garbage collecting ...
Garbage collecting ...
Garbage collecting ...
Garbage collecting ...
Garbage collecting ...
Garbage collecting ...
Garbage collecting ...
Garbage collecting ...
Garbage collecting ...
Garbage collecting ...
Garbage collecting ...
Garbage collecting ...
Garbage collecting ...
Garbage collecting ...
Garbage collecting ...
Garbage collecting ...
Garbage collecting ...
Garbage collecting ...
Garbage collecting ...
Garbage collecting ...
Garbage collecting ...
Garbage collecting ...
Garbage collecting ...
Garbage collecting ...
Garbage collecting ...
Garbage collecting ...
Garbage collecting ...
Garbage collecting ...
Garbage collecting ...
Garbage collecting ...
Garbage collecting ...
Garbage collecting ...
Garbage collecting ...
Garbage collecting ...
Garbage collecting ...
Garbage collecting ...
Garbage collecting ...
Garbage collecting ...
Garbage collecting ...
Garbage collecting ...
Garbage collecting ...
Garbage collecting ...
Garbage collecting ...
Garbage collecting ...
Garbage collecting ...
Garbage collecting ...
Garbage collecting ...
Garbage collecting ...
Garbage collecting ...
Garbage collecting ...
Garbage collecting ...
Garbage collecting ...
Garbage collecting ...
Garbage collecting ...
Garbage collecting ...
Garbage collecting ...
Garbage collecting ...
Garbage collecting ...
Garbage collecting ...
Garbage collecting ...
Garbage collecting ...
Garbage collecting ...
Garbage collecting ...
Garbage collecting ...
Garbage collecting ...
Garbage collecting ...
Garbage collecting ...
Garbage collecting ...
Garbage collecting ...
Garbage collecting ...
Garbage collecting ...
Garbage collecting ...
Garbage collecting ...
Garbage collecting ...
Garbage collecting ...
Garbage collecting ...
Garbage collecting ...
Garbage collecting ...
Garbage collecting ...
Garbage collecting ...
Garbage collecting ...
Garbage collecting ...
Garbage collecting ...
Garbage collecting ...
Garbage collecting ...
Garbage collecting ...
Garbage collecting ...
Garbage collecting ...
Garbage collecting ...
Garbage collecting ...
Garbage collecting ...
Garbage collecting ...
Garbage collecting ...
Garbage collecting ...
Garbage collecting ...
Garbage collecting ...
Garbage collecting ...
Garbage collecting ...
Garbage collecting ...
Garbage collecting ...
Garbage collecting ...
Garbage collecting ...
Garbage collecting ...
Garbage collecting ...
Garbage collecting ...
Garbage collecting ...
Garbage collecting ...
Garbage collecting ...
Garbage collecting ...
Garbage collecting ...
Garbage collecting ...
Garbage collecting ...
Garbage collecting ...
Garbage collecting ...
Garbage collecting ...
Garbage collecting ...
Garbage collecting ...
Garbage collecting ...
Garbage collecting ...
Garbage collecting ...
Garbage collecting ...
Garbage collecting ...
Garbage collecting ...
Garbage collecting ...
Garbage collecting ...
Garbage collecting ...
Garbage collecting ...
Garbage collecting ...
Garbage collecting ...
Garbage collecting ...
Garbage collecting ...
Garbage collecting ...
Garbage collecting ...
Garbage collecting ...
Garbage collecting ...
Garbage collecting ...
Garbage collecting ...
Garbage collecting ...
Garbage collecting ...
Garbage collecting ...
Garbage collecting ...
Garbage collecting ...
Garbage collecting ...
Garbage collecting ...
Garbage collecting ...
Garbage collecting ...
Garbage collecting ...
Garbage collecting ...
Garbage collecting ...
Garbage collecting ...
Garbage collecting ...
Garbage collecting ...
Garbage collecting ...
Garbage collecting ...
Garbage collecting ...
Garbage collecting ...
Garbage collecting ...
Garbage collecting ...
Garbage collecting ...
Garbage collecting ...
Garbage collecting ...
Garbage collecting ...
Garbage collecting ...
Garbage collecting ...
Garbage collecting ...
Garbage collecting ...
Garbage collecting ...
Garbage collecting ...
Garbage collecting ...
Garbage collecting ...
Garbage collecting ...
Garbage collecting ...
Garbage collecting ...
Garbage collecting ...
Garbage collecting ...
Garbage collecting ...
Garbage collecting ...
Garbage collecting ...
Garbage collecting ...
Garbage collecting ...
Garbage collecting ...
Garbage collecting ...
Garbage collecting ...
Garbage collecting ...
Garbage collecting ...
Garbage collecting ...
Garbage collecting ...
Garbage collecting ...
Garbage collecting ...
Garbage collecting ...
Garbage collecting ...
Garbage collecting ...
Garbage collecting ...
Garbage collecting ...
Garbage collecting ...
Garbage collecting ...
Garbage collecting ...
Garbage collecting ...
Garbage collecting ...
Garbage collecting ...
Garbage collecting ...
Garbage collecting ...
Garbage collecting ...
Garbage collecting ...
Garbage collecting ...
Garbage collecting ...
Garbage collecting ...
Garbage collecting ...
Garbage collecting ...
Garbage collecting ...
Garbage collecting ...
Garbage collecting ...
Garbage collecting ...
Garbage collecting ...
Garbage collecting ...
Garbage collecting ...
Garbage collecting ...
Garbage collecting ...
Garbage collecting ...
Garbage collecting ...
Garbage collecting ...
Garbage collecting ...
Garbage collecting ...
Garbage collecting ...
Garbage collecting ...
Garbage collecting ...
Garbage collecting ...
Garbage collecting ...
Garbage collecting ...
Garbage collecting ...
Garbage collecting ...
Garbage collecting ...
Garbage collecting ...
Garbage collecting ...
Garbage collecting ...
Garbage collecting ...
Garbage collecting ...
Garbage collecting ...
Garbage collecting ...
Garbage collecting ...
Garbage collecting ...
Garbage collecting ...
Garbage collecting ...
Garbage collecting ...
Garbage collecting ...
Garbage collecting ...
Garbage collecting ...
Garbage collecting ...
Garbage collecting ...
Garbage collecting ...
Garbage collecting ...
Garbage collecting ...
Garbage collecting ...
Garbage collecting ...
Garbage collecting ...
Garbage collecting ...
Garbage collecting ...
Garbage collecting ...
Garbage collecting ...
Garbage collecting ...
Garbage collecting ...
Garbage collecting ...
Garbage collecting ...
Garbage collecting ...
Garbage collecting ...
Garbage collecting ...
Garbage collecting ...
Garbage collecting ...
Garbage collecting ...
Garbage collecting ...
Garbage collecting ...
Garbage collecting ...
Garbage collecting ...
Garbage collecting ...
Garbage collecting ...
Garbage collecting ...
Garbage collecting ...
Garbage collecting ...
Garbage collecting ...
Garbage collecting ...
Garbage collecting ...
Garbage collecting ...
Garbage collecting ...
Garbage collecting ...
Garbage collecting ...
Garbage collecting ...
Garbage collecting ...
Garbage collecting ...
Garbage collecting ...
Garbage collecting ...
Garbage collecting ...
Garbage collecting ...
Garbage collecting ...
Garbage collecting ...
Garbage collecting ...
Garbage collecting ...
Garbage collecting ...
Garbage collecting ...
Garbage collecting ...
Garbage collecting ...
Garbage collecting ...
Garbage collecting ...
Garbage collecting ...
Garbage collecting ...
Garbage collecting ...
Garbage collecting ...
Garbage collecting ...
Garbage collecting ...
Garbage collecting ...
Garbage collecting ...
Garbage collecting ...
Garbage collecting ...
Garbage collecting ...
Garbage collecting ...
Garbage collecting ...
Garbage collecting ...
Garbage collecting ...
Garbage collecting ...
Garbage collecting ...
Garbage collecting ...
Garbage collecting ...
Garbage collecting ...
Garbage collecting ...
Garbage collecting ...
Garbage collecting ...
Garbage collecting ...
Garbage collecting ...
Garbage collecting ...
Garbage collecting ...
Garbage collecting ...
Garbage collecting ...
Garbage collecting ...
Garbage collecting ...
Garbage collecting ...
Garbage collecting ...
Garbage collecting ...
Garbage collecting ...
Garbage collecting ...
Garbage collecting ...
Garbage collecting ...
Garbage collecting ...
Garbage collecting ...
Garbage collecting ...
Garbage collecting ...
Garbage collecting ...
Garbage collecting ...
Garbage collecting ...
Garbage collecting ...
Garbage collecting ...
Garbage collecting ...
Garbage collecting ...
Garbage collecting ...
Garbage collecting ...
Garbage collecting ...
Garbage collecting ...
Garbage collecting ...
Garbage collecting ...
Garbage collecting ...
Garbage collecting ...
Garbage collecting ...
Garbage collecting ...
Garbage collecting ...
Garbage collecting ...
Garbage collecting ...
Garbage collecting ...
Garbage collecting ...
Garbage collecting ...
Garbage collecting ...
Garbage collecting ...
Garbage collecting ...
Garbage collecting ...
Garbage collecting ...
Garbage collecting ...
Garbage collecting ...
Garbage collecting ...
Garbage collecting ...
Garbage collecting ...
Garbage collecting ...
Garbage collecting ...
Garbage collecting ...
Garbage collecting ...
Garbage collecting ...
Garbage collecting ...
Garbage collecting ...
Garbage collecting ...
Garbage collecting ...
Garbage collecting ...
Garbage collecting ...
Garbage collecting ...
Garbage collecting ...
Garbage collecting ...
Garbage collecting ...
Garbage collecting ...
Garbage collecting ...
Garbage collecting ...
Garbage collecting ...
Garbage collecting ...
Garbage collecting ...
Garbage collecting ...
Garbage collecting ...
Garbage collecting ...
Garbage collecting ...
Garbage collecting ...
Garbage collecting ...
Garbage collecting ...
Garbage collecting ...
Garbage collecting ...
Garbage collecting ...
Garbage collecting ...
Garbage collecting ...
Garbage collecting ...
Garbage collecting ...
Garbage collecting ...
Garbage collecting ...
Garbage collecting ...
Garbage collecting ...
Garbage collecting ...
Garbage collecting ...
Garbage collecting ...
Garbage collecting ...
Garbage collecting ...
Garbage collecting ...
Garbage collecting ...
Garbage collecting ...
Garbage collecting ...
Garbage collecting ...
Garbage collecting ...
Garbage collecting ...
Garbage collecting ...
Garbage collecting ...
Garbage collecting ...
Garbage collecting ...
Garbage collecting ...
Garbage collecting ...
Garbage collecting ...
Garbage collecting ...
Garbage collecting ...
Garbage collecting ...
Garbage collecting ...
Garbage collecting ...
Garbage collecting ...
Garbage collecting ...
Garbage collecting ...
Garbage collecting ...
Garbage collecting ...
Garbage collecting ...
Garbage collecting ...
Garbage collecting ...
Garbage collecting ...
Garbage collecting ...
Garbage collecting ...
Garbage collecting ...
Garbage collecting ...
Garbage collecting ...
Garbage collecting ...
Garbage collecting ...
Garbage collecting ...
Garbage collecting ...
Garbage collecting ...
Garbage collecting ...
Garbage collecting ...
Garbage collecting ...
Garbage collecting ...
Garbage collecting ...
Garbage collecting ...
Garbage collecting ...
Garbage collecting ...
Garbage collecting ...
Garbage collecting ...
Garbage collecting ...
Garbage collecting ...
Garbage collecting ...
Garbage collecting ...
Garbage collecting ...
Garbage collecting ...
Garbage collecting ...
Garbage collecting ...
Garbage collecting ...
Garbage collecting ...
Garbage collecting ...
Garbage collecting ...
Garbage collecting ...
Garbage collecting ...
Garbage collecting ...
Garbage collecting ...
Garbage collecting ...
Garbage collecting ...
Garbage collecting ...
Garbage collecting ...
Garbage collecting ...
Garbage collecting ...
Garbage collecting ...
Garbage collecting ...
Garbage collecting ...
Garbage collecting ...
Garbage collecting ...
Garbage collecting ...
Garbage collecting ...
Garbage collecting ...
Garbage collecting ...
Garbage collecting ...
Garbage collecting ...
Garbage collecting ...
Garbage collecting ...
Garbage collecting ...
Garbage collecting ...
Garbage collecting ...
Garbage collecting ...
Garbage collecting ...
Garbage collecting ...
Garbage collecting ...
Garbage collecting ...
Garbage collecting ...
Garbage collecting ...
Garbage collecting ...
Garbage collecting ...
Garbage collecting ...
Garbage collecting ...
Garbage collecting ...
Garbage collecting ...
Garbage collecting ...
Garbage collecting ...
Garbage collecting ...
Garbage collecting ...
Garbage collecting ...
Garbage collecting ...
Garbage collecting ...
Garbage collecting ...
Garbage collecting ...
Garbage collecting ...
Garbage collecting ...
Garbage collecting ...
Garbage collecting ...
Garbage collecting ...
Garbage collecting ...
Garbage collecting ...
Garbage collecting ...
Garbage collecting ...
Garbage collecting ...
Garbage collecting ...
Garbage collecting ...
Garbage collecting ...
Garbage collecting ...
Garbage collecting ...
Garbage collecting ...
Garbage collecting ...
Garbage collecting ...
Garbage collecting ...
Garbage collecting ...
Garbage collecting ...
Garbage collecting ...
Garbage collecting ...
Garbage collecting ...
Garbage collecting ...
Garbage collecting ...
Garbage collecting ...
Garbage collecting ...
Garbage collecting ...
Garbage collecting ...
Garbage collecting ...
Garbage collecting ...
Garbage collecting ...
Garbage collecting ...
Garbage collecting ...
Garbage collecting ...
Garbage collecting ...
Garbage collecting ...
Garbage collecting ...
Garbage collecting ...
Garbage collecting ...
Garbage collecting ...
Garbage collecting ...
Garbage collecting ...
Garbage collecting ...
Garbage collecting ...
Garbage collecting ...
Garbage collecting ...
Garbage collecting ...
Garbage collecting ...
Garbage collecting ...
Garbage collecting ...
Garbage collecting ...
Garbage collecting ...
Garbage collecting ...
Garbage collecting ...
Garbage collecting ...
Garbage collecting ...
Garbage collecting ...
Garbage collecting ...
Garbage collecting ...
Garbage collecting ...
Garbage collecting ...
Garbage collecting ...
Garbage collecting ...
Garbage collecting ...
Garbage collecting ...
Garbage collecting ...
Garbage collecting ...
Garbage collecting ...
Garbage collecting ...
Garbage collecting ...
Garbage collecting ...
Garbage collecting ...
Garbage collecting ...
Garbage collecting ...
Garbage collecting ...
Garbage collecting ...
Garbage collecting ...
Garbage collecting ...
Garbage collecting ...
Garbage collecting ...
Garbage collecting ...
Garbage collecting ...
Garbage collecting ...
Garbage collecting ...
Garbage collecting ...
Garbage collecting ...
Garbage collecting ...
Garbage collecting ...
Garbage collecting ...
Garbage collecting ...
Garbage collecting ...
Garbage collecting ...
Garbage collecting ...
Garbage collecting ...
Garbage collecting ...
Garbage collecting ...
Garbage collecting ...
Garbage collecting ...
Garbage collecting ...
Garbage collecting ...
Garbage collecting ...
Garbage collecting ...
Garbage collecting ...
Garbage collecting ...
Garbage collecting ...
Garbage collecting ...
Garbage collecting ...
Garbage collecting ...
Garbage collecting ...
Garbage collecting ...
Garbage collecting ...
Garbage collecting ...
Garbage collecting ...
Garbage collecting ...
Garbage collecting ...
Garbage collecting ...
Garbage collecting ...
Garbage collecting ...
Garbage collecting ...
Garbage collecting ...
Garbage collecting ...
Garbage collecting ...
Garbage collecting ...
Garbage collecting ...
Garbage collecting ...
Garbage collecting ...
Garbage collecting ...
Garbage collecting ...
Garbage collecting ...
Garbage collecting ...
Garbage collecting ...
Garbage collecting ...
Garbage collecting ...
Garbage collecting ...
Garbage collecting ...
Garbage collecting ...
Garbage collecting ...
Garbage collecting ...
Garbage collecting ...
Garbage collecting ...
Garbage collecting ...
Garbage collecting ...
Garbage collecting ...
Garbage collecting ...
Garbage collecting ...
Garbage collecting ...
Garbage collecting ...
Garbage collecting ...
Garbage collecting ...
Garbage collecting ...
Garbage collecting ...
Garbage collecting ...
Garbage collecting ...
Garbage collecting ...
Garbage collecting ...
Garbage collecting ...
Garbage collecting ...
Garbage collecting ...
Garbage collecting ...
Garbage collecting ...
Garbage collecting ...
Garbage collecting ...
Garbage collecting ...
Garbage collecting ...
Garbage collecting ...
Garbage collecting ...
Garbage collecting ...
Garbage collecting ...
Garbage collecting ...
Garbage collecting ...
Garbage collecting ...
Garbage collecting ...
Garbage collecting ...
Garbage collecting ...
Garbage collecting ...
Garbage collecting ...
Garbage collecting ...
Garbage collecting ...
Garbage collecting ...
Garbage collecting ...
Garbage collecting ...
Garbage collecting ...
Garbage collecting ...
Garbage collecting ...
Garbage collecting ...
Garbage collecting ...
Garbage collecting ...
Garbage collecting ...
Garbage collecting ...
Garbage collecting ...
Garbage collecting ...
Garbage collecting ...
Garbage collecting ...
Garbage collecting ...
Garbage collecting ...
Garbage collecting ...
Garbage collecting ...
Garbage collecting ...
Garbage collecting ...
Garbage collecting ...
Garbage collecting ...
Garbage collecting ...
Garbage collecting ...
Garbage collecting ...
Garbage collecting ...
Garbage collecting ...
Garbage collecting ...
Garbage collecting ...
Garbage collecting ...
Garbage collecting ...
Garbage collecting ...
Garbage collecting ...
Garbage collecting ...
Garbage collecting ...
Garbage collecting ...
Garbage collecting ...
Garbage collecting ...
Garbage collecting ...
Garbage collecting ...
Garbage collecting ...
Garbage collecting ...
Garbage collecting ...
Garbage collecting ...
Garbage collecting ...
Garbage collecting ...
Garbage collecting ...
Garbage collecting ...
Garbage collecting ...
Garbage collecting ...
Garbage collecting ...
Garbage collecting ...
Garbage collecting ...
Garbage collecting ...
Garbage collecting ...
Garbage collecting ...
Garbage collecting ...
Garbage collecting ...
Garbage collecting ...
Garbage collecting ...
Garbage collecting ...
Garbage collecting ...
Garbage collecting ...
Garbage collecting ...
Garbage collecting ...
Garbage collecting ...
Garbage collecting ...
Garbage collecting ...
Garbage collecting ...
Garbage collecting ...
Garbage collecting ...
Garbage collecting ...
Garbage collecting ...
Garbage collecting ...
bigSelf
bigStrCompare
Garbage collecting ...
Garbage collecting ...
Garbage collecting ...
Garbage collecting ...
Garbage collecting ...
Garbage collecting ...
Garbage collecting ...
Garbage collecting ...
Garbage collecting ...
Garbage collecting ...
bigCase
Garbage collecting ...
Garbage collecting ...
bigAttrAccess
looks ok!
COOL program successfully executed


