MARS 4.5  Copyright 2003-2014 Pete Sanderson and Kenneth Vollmar

GenGC initialized in test mode.
Garbage collecting ...
Garbage collecting ...
Garbage collecting ...
Garbage collecting ...
Garbage collecting ...
Applying closure 0
Garbage collecting ...
Garbage collecting ...
Applying closure 1
Garbage collecting ...
Garbage collecting ...
Garbage collecting ...
Applying closure 17
Garbage collecting ...
Garbage collecting ...
Applying closure 2
Garbage collecting ...
Garbage collecting ...
Garbage collecting ...
Applying closure 15
Garbage collecting ...
Garbage collecting ...
Garbage collecting ...
Applying closure 16
Applying closure 4
Garbage collecting ...
Applying closure 5
Garbage collecting ...
Applying closure 12
Garbage collecting ...
Garbage collecting ...
Applying closure 6
Garbage collecting ...
Garbage collecting ...
Applying closure 7
Garbage collecting ...
COOL program successfully executed


