MARS 4.5  Copyright 2003-2014 Pete Sanderson and Kenneth Vollmar

         X         
........XXX........
.......X...X.......
......XXX.XXX......
.....X.......X.....
....XXX.....XXX....
...X...X...X...X...
..XXX.XXX.XXX.XXX..
.X...............X.
XXX.............XXX
...X...........X...
..XXX.........XXX..
.X...X.......X...X.
XXX.XXX.....XXX.XXX
.......X...X.......
......XXX.XXX......
.....X.......X.....
....XXX.....XXX....
...X...X...X...X...
..XXX.XXX.XXX.XXX..
.X...............X.
COOL program successfully executed


