MARS 4.5  Copyright 2003-2014 Pete Sanderson and Kenneth Vollmar

GenGC initialized in test mode.
Garbage collecting ...
Garbage collecting ...
Garbage collecting ...
Garbage collecting ...
Garbage collecting ...
Garbage collecting ...
Garbage collecting ...
Garbage collecting ...
Garbage collecting ...
Garbage collecting ...
Garbage collecting ...
Garbage collecting ...
Garbage collecting ...
Garbage collecting ...
13
Garbage collecting ...
20
Garbage collecting ...
22
COOL program successfully executed


